2025-10-13 17:05:40,583 DEBUG Horse: Создание Horse, имя Bucephalus, скорость 2.4
2025-10-13 17:05:40,596 DEBUG Horse: Создание Horse, имя Ace of Spades, скорость 2.5
2025-10-13 17:05:40,597 DEBUG Horse: Создание Horse, имя Zephyr, скорость 2.6
2025-10-13 17:05:40,597 DEBUG Horse: Создание Horse, имя Blaze, скорость 2.7
2025-10-13 17:05:40,597 DEBUG Horse: Создание Horse, имя Lobster, скорость 2.8
2025-10-13 17:05:40,599 DEBUG Horse: Создание Horse, имя Pegasus, скорость 2.9
2025-10-13 17:05:40,600 DEBUG Horse: Создание Horse, имя Cherry, скорость 3.0
2025-10-13 17:05:40,604 DEBUG Hippodrome: Создание Hippodrome, лошадей 7
2025-10-13 17:05:40,606 INFO  Main: Начало скачек.Количество участников: 7
2025-10-13 17:10:35,694 DEBUG Horse     : Создание Horse, имя Bucephalus, скорость 2.4
2025-10-13 17:10:35,701 DEBUG Horse     : Создание Horse, имя Ace of Spades, скорость 2.5
2025-10-13 17:10:35,701 DEBUG Horse     : Создание Horse, имя Zephyr, скорость 2.6
2025-10-13 17:10:35,702 DEBUG Horse     : Создание Horse, имя Blaze, скорость 2.7
2025-10-13 17:10:35,702 DEBUG Horse     : Создание Horse, имя Lobster, скорость 2.8
2025-10-13 17:10:35,702 DEBUG Horse     : Создание Horse, имя Pegasus, скорость 2.9
2025-10-13 17:10:35,703 DEBUG Horse     : Создание Horse, имя Cherry, скорость 3.0
2025-10-13 17:10:35,705 DEBUG Hippodrome: Создание Hippodrome, лошадей 7
2025-10-13 17:10:35,705 INFO  Main      : Начало скачек.Количество участников: 7
2025-10-13 17:18:04,914 DEBUG Horse     : Создание Horse, имя Bucephalus, скорость 2.4
2025-10-13 17:18:04,920 DEBUG Horse     : Создание Horse, имя Ace of Spades, скорость 2.5
2025-10-13 17:18:04,921 DEBUG Horse     : Создание Horse, имя Zephyr, скорость 2.6
2025-10-13 17:18:04,921 DEBUG Horse     : Создание Horse, имя Blaze, скорость 2.7
2025-10-13 17:18:04,922 DEBUG Horse     : Создание Horse, имя Lobster, скорость 2.8
2025-10-13 17:18:04,922 DEBUG Horse     : Создание Horse, имя Pegasus, скорость 2.9
2025-10-13 17:18:04,923 DEBUG Horse     : Создание Horse, имя Cherry, скорость 3.0
2025-10-13 17:18:04,924 DEBUG Hippodrome: Создание Hippodrome, лошадей 7
2025-10-13 17:18:04,925 INFO  Main      : Начало скачек.Количество участников: 7
2025-10-13 17:18:26,722 INFO  Main      : Окончание скачек. Победитель: Cherry
